// Jest Snapshot v1, https://goo.gl/fbAQLP

exports[`actions should create an action to add a connection 1`] = `
Object {
  "connection": Object {},
  "type": "ADD_CONNECTION",
}
`;

exports[`actions should create an action to remove user data 1`] = `
Object {
  "type": "REMOVE_USER_DATA",
}
`;

exports[`actions should create an action to set public key 1 1`] = `
Object {
  "publicKey2": Array [],
  "type": "PUBLICKEY2",
}
`;

exports[`actions should create an action to set public key 1 2`] = `
Object {
  "nearbyPeople": Array [],
  "type": "REFRESH_NEARBY_PEOPLE",
}
`;

exports[`actions should create an action to set public key 1 3`] = `
Object {
  "error": "error message",
  "type": "ERROR",
}
`;

exports[`actions should create an action to set the connections list 1`] = `
Object {
  "connections": Array [],
  "type": "UPDATE_CONNECTIONS",
}
`;

exports[`actions should create an action to set the group count 1`] = `
Object {
  "groupsCount": "15",
  "type": "GROUPS_COUNT",
}
`;

exports[`actions should create an action to set the search param 1`] = `
Object {
  "type": "SEARCH_PARAM",
  "value": "gandolf",
}
`;

exports[`actions should create an action to set user photo 1`] = `
Object {
  "type": "USER_PHOTO",
  "photo": "photo string",
}
`;

exports[`actions should create an action to set user data 1`] = `
Object {
  "name": "aragon",
  "publicKey": Array [],
  "secretKey": Array [],
  "type": "UPDATE_USER_DATA",
  "photo": "photo string",
}
`;

exports[`actions should create an action to update the user trust score 1`] = `
Object {
  "score": "99.9",
  "type": "USER_SCORE",
}
`;
