// Jest Snapshot v1, https://goo.gl/fbAQLP

exports[`async action sets up dummy data without userData 1`] = `
Array [
  Object {
    "publicKey2": Uint8Array [
      187,
      140,
      200,
      233,
      104,
      179,
      188,
      241,
      76,
      240,
      229,
      54,
      242,
      103,
      201,
      4,
      131,
      44,
      118,
      37,
      204,
      6,
      161,
      35,
      191,
      33,
      47,
      175,
      32,
      183,
      174,
      40,
    ],
    "type": "PUBLICKEY2",
  },
]
`;
