// Jest Snapshot v1, https://goo.gl/fbAQLP

exports[`Testing AppsScreen renders as expected 1`] = `
<View
  style={
    Object {
      "backgroundColor": "#fdfdfd",
      "flex": 1,
    }
  }
>
  <FlatList
    disableVirtualization={false}
    horizontal={false}
    initialNumToRender={10}
    keyExtractor={[Function]}
    maxToRenderPerBatch={10}
    numColumns={1}
    onEndReachedThreshold={2}
    removeClippedSubviews={false}
    renderItem={[Function]}
    scrollEventThrottle={50}
    style={
      Object {
        "flex": 1,
      }
    }
    updateCellsBatchingPeriod={50}
    windowSize={21}
  />
  <Connect(BottomNav)
    navigation={
      Object {
        "navigate": [MockFunction],
      }
    }
    style={
      Object {
        "flex": 0,
      }
    }
  />
</View>
`;
