// Jest Snapshot v1, https://goo.gl/fbAQLP

exports[`Testing ConnectionsScreen renders blank connection screen 1`] = `
<View
  style={
    Object {
      "backgroundColor": "#fdfdfd",
      "flex": 1,
    }
  }
>
  <View
    style={
      Object {
        "flex": 1,
      }
    }
  >
    <View
      style={
        Object {
          "alignItems": "center",
          "backgroundColor": "#fdfdfd",
          "flex": 1,
          "flexDirection": "column",
          "justifyContent": "center",
          "marginTop": 8,
        }
      }
    >
      <SearchConnections
        navigation={
          Object {
            "navigate": [MockFunction],
          }
        }
      />
      <View
        style={
          Object {
            "alignItems": "center",
            "backgroundColor": "#fdfdfd",
            "flex": 1,
            "flexDirection": "column",
            "justifyContent": "center",
            "marginTop": 8,
          }
        }
      >
        <View>
          <Text
            style={
              Object {
                "fontFamily": "ApexNew-Book",
                "fontSize": 20,
              }
            }
          >
            No connections
          </Text>
        </View>
      </View>
    </View>
    <View
      style={
        Object {
          "alignItems": "center",
          "bottom": 25,
          "justifyContent": "center",
          "position": "absolute",
          "right": 25,
          "transform": Array [
            Object {
              "translateY": 0,
            },
          ],
          "zIndex": 100,
        }
      }
    >
      <View
        accessible={true}
        clickable={true}
        isTVSelectable={true}
        onClick={[Function]}
        onResponderGrant={[Function]}
        onResponderMove={[Function]}
        onResponderRelease={[Function]}
        onResponderTerminate={[Function]}
        onResponderTerminationRequest={[Function]}
        onStartShouldSetResponder={[Function]}
        style={
          Object {
            "opacity": 1,
          }
        }
      >
        <View
          style={
            Object {
              "alignItems": "center",
              "backgroundColor": "#f98961",
              "borderRadius": 27,
              "elevation": 4,
              "height": 54,
              "justifyContent": "center",
              "shadowColor": "rgba(0,0,0,0.5)",
              "shadowOffset": Object {
                "height": 2,
                "width": 0,
              },
              "shadowRadius": 4,
              "width": 54,
            }
          }
        >
          <Text
            allowFontScaling={false}
            style={
              Array [
                Object {
                  "color": "#fff",
                  "fontSize": 36,
                },
                Object {
                  "height": 36,
                  "width": 36,
                },
                Object {
                  "fontFamily": "Material Design Icons",
                  "fontStyle": "normal",
                  "fontWeight": "normal",
                },
                Object {},
              ]
            }
          >
            
          </Text>
        </View>
      </View>
    </View>
  </View>
  <View
    style={
      Object {
        "alignItems": "center",
        "backgroundColor": "#fff",
        "borderTopColor": "rgba(0, 0, 0, .3)",
        "borderTopWidth": 0.5,
        "flexDirection": "row",
        "height": 63,
        "justifyContent": "space-evenly",
        "width": "100%",
      }
    }
  >
    <View
      accessibilityLabel="Home"
      accessible={true}
      clickable={true}
      isTVSelectable={true}
      onClick={[Function]}
      onResponderGrant={[Function]}
      onResponderMove={[Function]}
      onResponderRelease={[Function]}
      onResponderTerminate={[Function]}
      onResponderTerminationRequest={[Function]}
      onStartShouldSetResponder={[Function]}
      style={
        Object {
          "opacity": 1,
        }
      }
    >
      <View
        style={
          Object {
            "alignItems": "center",
            "flex": 1,
            "flexDirection": "column",
            "justifyContent": "center",
          }
        }
      >
        <Text
          allowFontScaling={false}
          style={
            Array [
              Object {
                "color": "#222",
                "fontSize": 32,
              },
              undefined,
              Object {
                "fontFamily": "simple-line-icons",
                "fontStyle": "normal",
                "fontWeight": "normal",
              },
              Object {},
            ]
          }
        >
          
        </Text>
        <Text
          style={
            Object {
              "fontFamily": "ApexNew-Book",
              "fontSize": 12,
              "marginBottom": 1.5,
            }
          }
        >
          Home
        </Text>
      </View>
    </View>
    <View
      accessibilityLabel="Connections"
      accessible={true}
      clickable={true}
      isTVSelectable={true}
      onClick={[Function]}
      onResponderGrant={[Function]}
      onResponderMove={[Function]}
      onResponderRelease={[Function]}
      onResponderTerminate={[Function]}
      onResponderTerminationRequest={[Function]}
      onStartShouldSetResponder={[Function]}
      style={
        Object {
          "opacity": 1,
        }
      }
    >
      <View
        style={
          Object {
            "alignItems": "center",
            "flex": 1,
            "flexDirection": "column",
            "justifyContent": "center",
          }
        }
      >
        <Text
          allowFontScaling={false}
          style={
            Array [
              Object {
                "color": "#222",
                "fontSize": 32,
              },
              undefined,
              Object {
                "fontFamily": "simple-line-icons",
                "fontStyle": "normal",
                "fontWeight": "normal",
              },
              Object {},
            ]
          }
        >
          
        </Text>
        <Text
          style={
            Object {
              "fontFamily": "ApexNew-Book",
              "fontSize": 12,
              "marginBottom": 1.5,
            }
          }
        >
          Connections
        </Text>
      </View>
    </View>
    <View
      accessibilityLabel="Groups"
      accessible={true}
      clickable={true}
      isTVSelectable={true}
      onClick={[Function]}
      onResponderGrant={[Function]}
      onResponderMove={[Function]}
      onResponderRelease={[Function]}
      onResponderTerminate={[Function]}
      onResponderTerminationRequest={[Function]}
      onStartShouldSetResponder={[Function]}
      style={
        Object {
          "opacity": 1,
        }
      }
    >
      <View
        style={
          Object {
            "alignItems": "center",
            "flex": 1,
            "flexDirection": "column",
            "justifyContent": "center",
          }
        }
      >
        <Text
          allowFontScaling={false}
          style={
            Array [
              Object {
                "color": "#222",
                "fontSize": 32,
              },
              undefined,
              Object {
                "fontFamily": "simple-line-icons",
                "fontStyle": "normal",
                "fontWeight": "normal",
              },
              Object {},
            ]
          }
        >
          
        </Text>
        <Text
          style={
            Object {
              "fontFamily": "ApexNew-Book",
              "fontSize": 12,
              "marginBottom": 1.5,
            }
          }
        >
          Groups
        </Text>
      </View>
    </View>
    <View
      accessibilityLabel="Apps"
      accessible={true}
      clickable={true}
      isTVSelectable={true}
      onClick={[Function]}
      onResponderGrant={[Function]}
      onResponderMove={[Function]}
      onResponderRelease={[Function]}
      onResponderTerminate={[Function]}
      onResponderTerminationRequest={[Function]}
      onStartShouldSetResponder={[Function]}
      style={
        Object {
          "opacity": 1,
        }
      }
    >
      <View
        style={
          Object {
            "alignItems": "center",
            "flex": 1,
            "flexDirection": "column",
            "justifyContent": "center",
          }
        }
      >
        <Text
          allowFontScaling={false}
          style={
            Array [
              Object {
                "color": "#222",
                "fontSize": 32,
              },
              undefined,
              Object {
                "fontFamily": "simple-line-icons",
                "fontStyle": "normal",
                "fontWeight": "normal",
              },
              Object {},
            ]
          }
        >
          
        </Text>
        <Text
          style={
            Object {
              "fontFamily": "ApexNew-Book",
              "fontSize": 12,
              "marginBottom": 1.5,
            }
          }
        >
          Notifications
        </Text>
      </View>
    </View>
    <View
      accessibilityLabel="Apps"
      accessible={true}
      clickable={true}
      isTVSelectable={true}
      onClick={[Function]}
      onResponderGrant={[Function]}
      onResponderMove={[Function]}
      onResponderRelease={[Function]}
      onResponderTerminate={[Function]}
      onResponderTerminationRequest={[Function]}
      onStartShouldSetResponder={[Function]}
      style={
        Object {
          "opacity": 1,
        }
      }
    >
      <View
        style={
          Object {
            "alignItems": "center",
            "flex": 1,
            "flexDirection": "column",
            "justifyContent": "center",
          }
        }
      >
        <Text
          allowFontScaling={false}
          style={
            Array [
              Object {
                "color": "#222",
                "fontSize": 32,
              },
              undefined,
              Object {
                "fontFamily": "simple-line-icons",
                "fontStyle": "normal",
                "fontWeight": "normal",
              },
              Object {},
            ]
          }
        >
          
        </Text>
        <Text
          style={
            Object {
              "fontFamily": "ApexNew-Book",
              "fontSize": 12,
              "marginBottom": 1.5,
            }
          }
        >
          Apps
        </Text>
      </View>
    </View>
  </View>
</View>
`;
