// Jest Snapshot v1, https://goo.gl/fbAQLP

exports[`homescreen renders correctly 1`] = `
<View
  style={
    Object {
      "backgroundColor": "#fff",
      "flex": 1,
    }
  }
>
  <View
    style={
      Object {
        "alignItems": "center",
        "flex": 1,
        "flexDirection": "column",
        "justifyContent": "space-between",
        "width": "100%",
      }
    }
  >
    <View
      style={
        Object {
          "marginTop": 24,
        }
      }
    >
      <View
        style={
          Object {
            "alignItems": "center",
            "shadowColor": "#000",
            "shadowOffset": Object {
              "height": 1,
              "width": 0,
            },
            "shadowOpacity": 0.3,
            "shadowRadius": 2,
          }
        }
      >
        <Image
          source={
            Object {
              "testUri": "../../../src/static/default_avatar.jpg",
            }
          }
          style={
            Object {
              "borderRadius": 71,
              "height": 142,
              "shadowColor": "#000",
              "shadowOffset": Object {
                "height": 2,
                "width": 0,
              },
              "shadowRadius": 4,
              "width": 142,
            }
          }
        />
      </View>
      <Text
        id="name"
        style={
          Object {
            "fontFamily": "ApexNew-Book",
            "fontSize": 30,
            "marginTop": 8,
            "shadowColor": "rgba(0,0,0,0.32)",
            "shadowOffset": Object {
              "height": 2,
              "width": 0,
            },
            "shadowRadius": 4,
            "textAlign": "center",
          }
        }
      >
        
      </Text>
    </View>
    <View
      style={
        Object {
          "borderBottomColor": "#e3e1e1",
          "borderBottomWidth": 1,
          "borderTopColor": "#e3e1e1",
          "borderTopWidth": 1,
          "marginTop": 9,
          "paddingBottom": 7,
          "paddingTop": 7,
          "width": "80%",
        }
      }
    >
      <Text
        id="score"
        style={
          Object {
            "color": "green",
            "fontFamily": "ApexNew-Book",
            "fontSize": 18,
            "textAlign": "center",
          }
        }
      >
        
        % Trusted
      </Text>
    </View>
    <View
      style={
        Object {
          "flexDirection": "row",
          "justifyContent": "space-evenly",
          "marginTop": 12,
          "width": "75%",
        }
      }
    >
      <View
        style={
          Object {
            "flex": 1,
          }
        }
      >
        <Text
          id="connectionsCount"
          style={
            Object {
              "fontFamily": "ApexNew-Book",
              "fontSize": 22,
              "textAlign": "center",
            }
          }
        >
          1
        </Text>
        <Text
          style={
            Object {
              "fontFamily": "ApexNew-Book",
              "fontSize": 16,
              "textAlign": "center",
            }
          }
        >
          Connections
        </Text>
      </View>
      <View
        style={
          Object {
            "flex": 1,
          }
        }
      >
        <Text
          id="groupsCount"
          style={
            Object {
              "fontFamily": "ApexNew-Book",
              "fontSize": 22,
              "textAlign": "center",
            }
          }
        >
          0
        </Text>
        <Text
          style={
            Object {
              "fontFamily": "ApexNew-Book",
              "fontSize": 16,
              "textAlign": "center",
            }
          }
        >
          Groups
        </Text>
      </View>
    </View>
    <View
      style={
        Object {
          "alignItems": "center",
          "backgroundColor": "#f9f9f9",
          "flex": 1,
          "flexDirection": "row",
          "justifyContent": "center",
          "marginTop": 17,
          "width": "100%",
        }
      }
    >
      <View
        accessible={true}
        isTVSelectable={true}
        onResponderGrant={[Function]}
        onResponderMove={[Function]}
        onResponderRelease={[Function]}
        onResponderTerminate={[Function]}
        onResponderTerminationRequest={[Function]}
        onStartShouldSetResponder={[Function]}
        style={
          Object {
            "alignItems": "center",
            "backgroundColor": "#4990e2",
            "borderRadius": 69,
            "elevation": 1,
            "height": 138,
            "justifyContent": "center",
            "opacity": 1,
            "shadowColor": "#000",
            "shadowOffset": Object {
              "height": 20,
              "width": 20,
            },
            "shadowRadius": 20,
            "width": 138,
          }
        }
      >
        <Text
          style={
            Object {
              "color": "#fff",
              "fontFamily": "ApexNew-Book",
              "fontSize": 16,
              "marginBottom": 5,
              "marginTop": 10,
            }
          }
        >
          CONNECT
        </Text>
        <Text
          allowFontScaling={false}
          style={
            Array [
              Object {
                "color": "#fff",
                "fontSize": 26,
              },
              undefined,
              Object {
                "fontFamily": "Material Design Icons",
                "fontStyle": "normal",
                "fontWeight": "normal",
              },
            ]
          }
        >
          
        </Text>
      </View>
    </View>
  </View>
  <View
    style={
      Object {
        "alignItems": "center",
        "backgroundColor": "#fff",
        "flexDirection": "row",
        "height": 63,
        "justifyContent": "space-evenly",
        "width": "100%",
      }
    }
  >
    <View
      accessible={true}
      isTVSelectable={true}
      onResponderGrant={[Function]}
      onResponderMove={[Function]}
      onResponderRelease={[Function]}
      onResponderTerminate={[Function]}
      onResponderTerminationRequest={[Function]}
      onStartShouldSetResponder={[Function]}
      style={
        Object {
          "opacity": 1,
        }
      }
    >
      <View
        style={
          Object {
            "alignItems": "center",
            "flexDirection": "column",
          }
        }
      >
        <Text
          allowFontScaling={false}
          style={
            Array [
              Object {
                "color": "#000",
                "fontSize": 32,
              },
              undefined,
              Object {
                "fontFamily": "Ionicons",
                "fontStyle": "normal",
                "fontWeight": "normal",
              },
            ]
          }
        >
          
        </Text>
        <Text
          style={
            Object {
              "fontFamily": "ApexNew-Book",
              "fontSize": 12,
            }
          }
        >
          Home
        </Text>
      </View>
    </View>
    <View
      accessible={true}
      isTVSelectable={true}
      onResponderGrant={[Function]}
      onResponderMove={[Function]}
      onResponderRelease={[Function]}
      onResponderTerminate={[Function]}
      onResponderTerminationRequest={[Function]}
      onStartShouldSetResponder={[Function]}
      style={
        Object {
          "opacity": 1,
        }
      }
    >
      <View
        style={
          Object {
            "alignItems": "center",
            "flexDirection": "column",
          }
        }
      >
        <Text
          allowFontScaling={false}
          style={
            Array [
              Object {
                "color": "#000",
                "fontSize": 32,
              },
              undefined,
              Object {
                "fontFamily": "Ionicons",
                "fontStyle": "normal",
                "fontWeight": "normal",
              },
            ]
          }
        >
          
        </Text>
        <Text
          style={
            Object {
              "fontFamily": "ApexNew-Book",
              "fontSize": 12,
            }
          }
        >
          Connections
        </Text>
      </View>
    </View>
    <View
      accessible={true}
      isTVSelectable={true}
      onResponderGrant={[Function]}
      onResponderMove={[Function]}
      onResponderRelease={[Function]}
      onResponderTerminate={[Function]}
      onResponderTerminationRequest={[Function]}
      onStartShouldSetResponder={[Function]}
      style={
        Object {
          "opacity": 1,
        }
      }
    >
      <View
        style={
          Object {
            "alignItems": "center",
            "flexDirection": "column",
          }
        }
      >
        <Text
          allowFontScaling={false}
          style={
            Array [
              Object {
                "color": "#000",
                "fontSize": 32,
              },
              undefined,
              Object {
                "fontFamily": "Ionicons",
                "fontStyle": "normal",
                "fontWeight": "normal",
              },
            ]
          }
        >
          
        </Text>
        <Text
          style={
            Object {
              "fontFamily": "ApexNew-Book",
              "fontSize": 12,
            }
          }
        >
          Groups
        </Text>
      </View>
    </View>
    <View
      accessible={true}
      isTVSelectable={true}
      onResponderGrant={[Function]}
      onResponderMove={[Function]}
      onResponderRelease={[Function]}
      onResponderTerminate={[Function]}
      onResponderTerminationRequest={[Function]}
      onStartShouldSetResponder={[Function]}
      style={
        Object {
          "opacity": 1,
        }
      }
    >
      <View
        style={
          Object {
            "alignItems": "center",
            "flexDirection": "column",
          }
        }
      >
        <Text
          allowFontScaling={false}
          style={
            Array [
              Object {
                "color": "#000",
                "fontSize": 32,
              },
              undefined,
              Object {
                "fontFamily": "Ionicons",
                "fontStyle": "normal",
                "fontWeight": "normal",
              },
            ]
          }
        >
          
        </Text>
        <Text
          style={
            Object {
              "fontFamily": "ApexNew-Book",
              "fontSize": 12,
            }
          }
        >
          Notifications
        </Text>
      </View>
    </View>
    <View
      accessible={true}
      isTVSelectable={true}
      onResponderGrant={[Function]}
      onResponderMove={[Function]}
      onResponderRelease={[Function]}
      onResponderTerminate={[Function]}
      onResponderTerminationRequest={[Function]}
      onStartShouldSetResponder={[Function]}
      style={
        Object {
          "opacity": 1,
        }
      }
    >
      <View
        style={
          Object {
            "alignItems": "center",
            "flexDirection": "column",
          }
        }
      >
        <Text
          allowFontScaling={false}
          style={
            Array [
              Object {
                "color": "#000",
                "fontSize": 32,
              },
              undefined,
              Object {
                "fontFamily": "Ionicons",
                "fontStyle": "normal",
                "fontWeight": "normal",
              },
            ]
          }
        >
          
        </Text>
        <Text
          style={
            Object {
              "fontFamily": "ApexNew-Book",
              "fontSize": 12,
            }
          }
        >
          Apps
        </Text>
      </View>
    </View>
  </View>
</View>
`;
