// Jest Snapshot v1, https://goo.gl/fbAQLP

exports[`Testing PreviewConnectionScreen renders as expected 1`] = `
<View
  style={
    Object {
      "alignItems": "center",
      "backgroundColor": "#fff",
      "flex": 1,
      "flexDirection": "column",
      "justifyContent": "space-around",
      "width": "100%",
    }
  }
>
  <View
    style={
      Object {
        "alignItems": "center",
        "justifyContent": "center",
        "marginTop": 83,
      }
    }
  >
    <Text
      style={
        Object {
          "color": "#000000",
          "fontFamily": "ApexNew-Book",
          "fontSize": 24,
          "fontStyle": "normal",
          "fontWeight": "normal",
          "letterSpacing": 0,
          "textAlign": "center",
        }
      }
    >
      Is this who you are trying
    </Text>
    <Text
      style={
        Object {
          "color": "#000000",
          "fontFamily": "ApexNew-Book",
          "fontSize": 24,
          "fontStyle": "normal",
          "fontWeight": "normal",
          "letterSpacing": 0,
          "textAlign": "center",
        }
      }
    >
      to connect with?
    </Text>
  </View>
  <View
    style={
      Object {
        "alignItems": "center",
        "justifyContent": "center",
      }
    }
  >
    <Image
      accessibilityLabel="user photo"
      accessible={true}
      onError={[Function]}
      resizeMode="cover"
      source={
        Object {
          "testUri": "../../../src/static/default_avatar.jpg",
        }
      }
      style={
        Object {
          "borderRadius": 74,
          "height": 148,
          "width": 148,
        }
      }
    />
    <Text
      style={
        Object {
          "color": "#000000",
          "fontFamily": "ApexNew-Book",
          "fontSize": 30,
          "fontStyle": "normal",
          "fontWeight": "normal",
          "letterSpacing": 0,
          "marginTop": 15,
          "textAlign": "left",
          "textShadowColor": "rgba(0, 0, 0, 0.32)",
          "textShadowOffset": Object {
            "height": 2,
            "width": 0,
          },
          "textShadowRadius": 4,
        }
      }
    >
      Test
    </Text>
  </View>
  <View
    style={
      Object {
        "alignItems": "center",
        "justifyContent": "center",
        "width": "100%",
      }
    }
  >
    <View
      accessible={true}
      clickable={true}
      isTVSelectable={true}
      onClick={[Function]}
      onResponderGrant={[Function]}
      onResponderMove={[Function]}
      onResponderRelease={[Function]}
      onResponderTerminate={[Function]}
      onResponderTerminationRequest={[Function]}
      onStartShouldSetResponder={[Function]}
      style={
        Object {
          "alignItems": "center",
          "backgroundColor": "#4a90e2",
          "borderRadius": 3,
          "height": 51,
          "justifyContent": "center",
          "opacity": 1,
          "width": "82%",
        }
      }
    >
      <Text
        style={
          Object {
            "color": "#ffffff",
            "fontFamily": "ApexNew-Book",
            "fontSize": 18,
            "fontStyle": "normal",
            "fontWeight": "500",
            "letterSpacing": 0,
            "textAlign": "left",
          }
        }
      >
        Confirm Connection
      </Text>
    </View>
  </View>
</View>
`;
